// Jest Snapshot v1, https://goo.gl/fbAQLP

exports[`tests para el componente de debe renderizar el componente 1`] = `
<div
  className="card animate__animated animate__fadeIn"
>
  <img
    alt="shingeki No Kyojin"
    src="https://localhost/algomas/algo.coms"
  />
  <p>
    shingeki No Kyojin
  </p>
</div>
`;
